// Jest Snapshot v1, https://goo.gl/fbAQLP

exports[`2. render empty TodoList 1`] = `<ul />`;

exports[`3. render homework TodoList 1`] = `
<ul>
  <li
    onClick={[Function]}
    style={
      Object {
        "textDecoration": "none",
      }
    }
  >
    homework2
  </li>
  <li
    onClick={[Function]}
    style={
      Object {
        "textDecoration": "none",
      }
    }
  >
    homework3
  </li>
</ul>
`;
